// Jest Snapshot v1, https://goo.gl/fbAQLP

exports[`News container News container initial renders properly 1`] = `
ShallowWrapper {
  Symbol(enzyme.__root__): [Circular],
  Symbol(enzyme.__unrendered__): <NewsContainer
    news={
        Object {
            "data": Array [],
            "errorMsg": null,
            "isLoading": false,
          }
    }
    onGetNews={[Function]}
/>,
  Symbol(enzyme.__renderer__): Object {
    "batchedUpdates": [Function],
    "getNode": [Function],
    "render": [Function],
    "simulateError": [Function],
    "simulateEvent": [Function],
    "unmount": [Function],
  },
  Symbol(enzyme.__node__): Object {
    "instance": null,
    "key": undefined,
    "nodeType": "function",
    "props": Object {
      "children": Array [
        null,
        null,
        0,
      ],
    },
    "ref": null,
    "rendered": Array [
      null,
      null,
      0,
    ],
    "type": Symbol(react.fragment),
  },
  Symbol(enzyme.__nodes__): Array [
    Object {
      "instance": null,
      "key": undefined,
      "nodeType": "function",
      "props": Object {
        "children": Array [
          null,
          null,
          0,
        ],
      },
      "ref": null,
      "rendered": Array [
        null,
        null,
        0,
      ],
      "type": Symbol(react.fragment),
    },
  ],
  Symbol(enzyme.__options__): Object {
    "adapter": ReactSixteenAdapter {
      "options": Object {
        "enableComponentDidUpdateOnSetState": true,
        "lifecycles": Object {
          "componentDidUpdate": Object {
            "onSetState": true,
          },
          "getDerivedStateFromProps": true,
          "getSnapshotBeforeUpdate": true,
          "setState": Object {
            "skipsComponentDidUpdateOnNullish": true,
          },
        },
      },
    },
  },
}
`;

exports[`News container News container with errorMsg renders properly 1`] = `
ShallowWrapper {
  Symbol(enzyme.__root__): [Circular],
  Symbol(enzyme.__unrendered__): <NewsContainer
    news={
        Object {
            "data": Array [],
            "errorMsg": "Something going wrong",
            "isLoading": false,
          }
    }
    onGetNews={[Function]}
/>,
  Symbol(enzyme.__renderer__): Object {
    "batchedUpdates": [Function],
    "getNode": [Function],
    "render": [Function],
    "simulateError": [Function],
    "simulateEvent": [Function],
    "unmount": [Function],
  },
  Symbol(enzyme.__node__): Object {
    "instance": null,
    "key": undefined,
    "nodeType": "function",
    "props": Object {
      "children": Array [
        <p>
          Something going wrong
</p>,
        null,
        0,
      ],
    },
    "ref": null,
    "rendered": Array [
      Object {
        "instance": null,
        "key": undefined,
        "nodeType": "host",
        "props": Object {
          "children": "Something going wrong",
        },
        "ref": null,
        "rendered": "Something going wrong",
        "type": "p",
      },
      null,
      0,
    ],
    "type": Symbol(react.fragment),
  },
  Symbol(enzyme.__nodes__): Array [
    Object {
      "instance": null,
      "key": undefined,
      "nodeType": "function",
      "props": Object {
        "children": Array [
          <p>
            Something going wrong
</p>,
          null,
          0,
        ],
      },
      "ref": null,
      "rendered": Array [
        Object {
          "instance": null,
          "key": undefined,
          "nodeType": "host",
          "props": Object {
            "children": "Something going wrong",
          },
          "ref": null,
          "rendered": "Something going wrong",
          "type": "p",
        },
        null,
        0,
      ],
      "type": Symbol(react.fragment),
    },
  ],
  Symbol(enzyme.__options__): Object {
    "adapter": ReactSixteenAdapter {
      "options": Object {
        "enableComponentDidUpdateOnSetState": true,
        "lifecycles": Object {
          "componentDidUpdate": Object {
            "onSetState": true,
          },
          "getDerivedStateFromProps": true,
          "getSnapshotBeforeUpdate": true,
          "setState": Object {
            "skipsComponentDidUpdateOnNullish": true,
          },
        },
      },
    },
  },
}
`;
